2025-07-31 12:07:31 - pipeline - INFO - Logging configured - Level: INFO, File: /home/jackyjin/cityscapesScripts/pipeline/tests/test.log, Console: True
2025-07-31 12:07:31 - pipeline - INFO - Pipeline CLI started with config: pipeline/config/test_config.yaml
2025-07-31 12:07:31 - core.pipeline_config - INFO - Output directories created at: /home/jackyjin/cityscapesScripts/pipeline/tests/test_output
2025-07-31 12:07:31 - core.pipeline_state - INFO - No existing state file found, starting fresh
2025-07-31 12:07:31 - core.pipeline_state - INFO - Pipeline state manager initialized (run_id: 20250731_120731)
2025-07-31 12:07:31 - core.visual_cue_pipeline - INFO - VisualCuePipeline initialized
2025-07-31 12:07:31 - core.pipeline_config - INFO - Configuration validation passed
2025-07-31 12:07:31 - core.pipeline_dataset - INFO - Dataset directory structure validated at: /home/jackyjin/cityscapesScripts
2025-07-31 12:07:31 - core.visual_cue_pipeline - INFO - Starting visual cue evaluation pipeline - Resume: False
2025-07-31 12:07:31 - adapters.mask_generator - INFO - Validated 8 labels for requested features
2025-07-31 12:07:31 - adapters.mask_generator - INFO - MaskGeneratorAdapter initialized for features: ['human', 'vehicle']
2025-07-31 12:07:31 - adapters.image_processor - INFO - ImageProcessorAdapter initialized - Target size: 256x256
2025-07-31 12:07:31 - adapters.clipaway_adapter - INFO - CLIPAwayAdapter initialized - Device: cpu
2025-07-31 12:07:31 - adapters.evaluator_adapter - INFO - Using mock geolocation API
2025-07-31 12:07:31 - adapters.evaluator_adapter - INFO - EvaluatorAdapter initialized
2025-07-31 12:07:31 - core.visual_cue_pipeline - INFO - Pipeline components initialized
2025-07-31 12:07:31 - core.pipeline_config - INFO - Output directories created at: /home/jackyjin/cityscapesScripts/pipeline/tests/test_output
2025-07-31 12:07:31 - core.visual_cue_pipeline - INFO - Phase 1: Dataset Discovery
2025-07-31 12:07:31 - core.pipeline_state - INFO - Started phase: dataset_discovery
2025-07-31 12:07:31 - core.pipeline_dataset - INFO - Starting dataset discovery...
2025-07-31 12:07:31 - core.pipeline_dataset - INFO - Found cities: ['aachen', 'bremen', 'bochum']
2025-07-31 12:07:31 - core.pipeline_dataset - INFO - City aachen: 10 found, 10 valid
2025-07-31 12:07:31 - core.pipeline_dataset - INFO - City bremen: 10 found, 10 valid
2025-07-31 12:07:31 - core.pipeline_dataset - INFO - City bochum: 10 found, 10 valid
2025-07-31 12:07:31 - core.pipeline_dataset - INFO - Dataset discovery completed: 30 triplets found, 30 valid
2025-07-31 12:07:31 - core.pipeline_state - INFO - Completed phase: dataset_discovery
2025-07-31 12:07:31 - core.visual_cue_pipeline - INFO - Discovered 30 valid image triplets
2025-07-31 12:07:31 - core.visual_cue_pipeline - INFO - Cities: ['aachen', 'bremen', 'bochum']
2025-07-31 12:07:31 - core.visual_cue_pipeline - INFO - Items per city: {'aachen': 10, 'bremen': 10, 'bochum': 10}
2025-07-31 12:07:31 - core.visual_cue_pipeline - INFO - Phase 2: Image Selection
2025-07-31 12:07:31 - core.pipeline_state - INFO - Started phase: image_selection
2025-07-31 12:07:31 - core.pipeline_dataset - INFO - Selected 2 images from aachen
2025-07-31 12:07:31 - core.pipeline_dataset - INFO - Total selected: 2 images across 1 cities
2025-07-31 12:07:31 - core.visual_cue_pipeline - INFO - Limited selection to 2 images
2025-07-31 12:07:31 - core.pipeline_state - INFO - Pipeline started with 2 items
2025-07-31 12:07:31 - core.pipeline_state - INFO - Completed phase: image_selection
2025-07-31 12:07:31 - core.visual_cue_pipeline - INFO - Selected 2 images for processing
2025-07-31 12:07:31 - core.visual_cue_pipeline - INFO - Cities represented: ['aachen']
2025-07-31 12:07:31 - core.visual_cue_pipeline - INFO - Phase 3: Mask Generation (2 items)
2025-07-31 12:07:31 - core.pipeline_state - INFO - Started phase: mask_generation
2025-07-31 12:07:31 - core.visual_cue_pipeline - INFO - Processing mask batch 1 (2 items)
2025-07-31 12:07:31 - adapters.mask_generator - INFO - Starting batch mask generation for 2 items
2025-07-31 12:07:31 - adapters.mask_generator - INFO - Batch mask generation completed: 2/2 successful
2025-07-31 12:07:31 - core.visual_cue_pipeline - INFO - Mask generation progress: [████████████████████████████████████████] 100.0% (2/2)
2025-07-31 12:07:31 - core.pipeline_state - INFO - Completed phase: mask_generation
2025-07-31 12:07:31 - core.visual_cue_pipeline - INFO - Generated masks for 2/2 items
2025-07-31 12:07:31 - core.visual_cue_pipeline - INFO - Success rate: 100.0%
2025-07-31 12:07:31 - core.visual_cue_pipeline - INFO - Phase 4: Image Processing (2 items)
2025-07-31 12:07:31 - core.pipeline_state - INFO - Started phase: image_processing
2025-07-31 12:07:31 - core.visual_cue_pipeline - INFO - Processing image batch 1 (2 items)
2025-07-31 12:07:31 - adapters.image_processor - INFO - Starting batch image processing for 2 items
2025-07-31 12:07:32 - adapters.image_processor - INFO - Batch processing completed: 2/2 successful
2025-07-31 12:07:32 - core.visual_cue_pipeline - INFO - Image processing progress: [████████████████████████████████████████] 100.0% (2/2)
2025-07-31 12:07:32 - core.pipeline_state - INFO - Completed phase: image_processing
2025-07-31 12:07:32 - core.visual_cue_pipeline - INFO - Processed 2/2 items
2025-07-31 12:07:32 - core.visual_cue_pipeline - INFO - Success rate: 100.0%
2025-07-31 12:07:32 - core.visual_cue_pipeline - INFO - Phase 5: CLIPAway Processing (2 items)
2025-07-31 12:07:32 - core.pipeline_state - INFO - Started phase: clipaway_processing
2025-07-31 12:07:32 - core.visual_cue_pipeline - INFO - Processing CLIPAway batch 1 (2 items)
2025-07-31 12:07:32 - adapters.clipaway_adapter - INFO - Loading CLIPAway models...
2025-07-31 12:09:15 - adapters.clipaway_adapter - INFO - CLIPAway models cleaned up
2025-07-31 12:09:15 - core.visual_cue_pipeline - INFO - Pipeline resources cleaned up
2025-07-31 22:50:41 - pipeline - INFO - Logging configured - Level: INFO, File: /home/jackyjin/cityscapesScripts/pipeline/tests/test.log, Console: True
2025-07-31 22:50:41 - pipeline - INFO - Pipeline CLI started with config: pipeline/config/test_config.yaml
2025-07-31 22:50:41 - pipeline.core.pipeline_config - INFO - Output directories created at: /home/jackyjin/cityscapesScripts/pipeline/tests/test_output
2025-07-31 22:50:41 - pipeline.core.pipeline_state - INFO - Pipeline state restored from /home/jackyjin/cityscapesScripts/pipeline/tests/test_state.json
2025-07-31 22:50:41 - pipeline.core.pipeline_state - INFO - Restored state for 2 items across 7 phases
2025-07-31 22:50:41 - pipeline.core.pipeline_state - INFO - Pipeline state manager initialized (run_id: 20250731_120731)
2025-07-31 22:50:41 - pipeline.core.visual_cue_pipeline - INFO - VisualCuePipeline initialized
2025-07-31 22:50:41 - pipeline.core.pipeline_config - INFO - Configuration validation passed
2025-07-31 22:50:41 - pipeline.core.pipeline_dataset - INFO - Dataset directory structure validated at: /home/jackyjin/cityscapesScripts
2025-07-31 22:50:41 - pipeline.core.visual_cue_pipeline - INFO - Starting visual cue evaluation pipeline - Resume: False
2025-07-31 22:50:41 - pipeline.adapters.mask_generator - INFO - Validated 8 labels for requested features
2025-07-31 22:50:41 - pipeline.adapters.mask_generator - INFO - MaskGeneratorAdapter initialized for features: ['human', 'vehicle']
2025-07-31 22:50:41 - pipeline.adapters.image_processor - INFO - ImageProcessorAdapter initialized - Target size: 256x256
2025-07-31 22:50:41 - pipeline.adapters.clipaway_adapter - INFO - CLIPAwayAdapter initialized - Device: cpu
2025-07-31 22:50:41 - pipeline.adapters.evaluator_adapter - INFO - Using mock geolocation API
2025-07-31 22:50:41 - pipeline.adapters.evaluator_adapter - INFO - EvaluatorAdapter initialized
2025-07-31 22:50:41 - pipeline.core.visual_cue_pipeline - INFO - Pipeline components initialized
2025-07-31 22:50:41 - pipeline.core.pipeline_config - INFO - Output directories created at: /home/jackyjin/cityscapesScripts/pipeline/tests/test_output
2025-07-31 22:50:41 - pipeline.core.visual_cue_pipeline - INFO - Dataset discovery already completed - skipping
2025-07-31 22:50:41 - pipeline.core.visual_cue_pipeline - INFO - Image selection already completed - loading cached selection
2025-07-31 22:50:41 - pipeline.core.visual_cue_pipeline - INFO - Mask generation already completed - skipping
2025-07-31 22:50:41 - pipeline.core.visual_cue_pipeline - INFO - Image processing already completed - skipping
2025-07-31 22:50:41 - pipeline.core.visual_cue_pipeline - INFO - CLIPAway processing already completed - skipping
2025-07-31 22:50:41 - pipeline.core.visual_cue_pipeline - INFO - Evaluation already completed - skipping
2025-07-31 22:50:41 - pipeline.core.visual_cue_pipeline - INFO - Phase 7: Report Generation
2025-07-31 22:50:41 - pipeline.core.pipeline_state - INFO - Started phase: report_generation
2025-07-31 22:50:42 - pipeline.core.pipeline_config - INFO - Configuration saved to: /home/jackyjin/cityscapesScripts/pipeline/tests/test_output/pipeline_config_used.yaml
2025-07-31 22:50:42 - pipeline.core.pipeline_state - INFO - Completed phase: report_generation
2025-07-31 22:50:42 - pipeline.core.visual_cue_pipeline - INFO - Pipeline report saved to: /home/jackyjin/cityscapesScripts/pipeline/tests/test_output/pipeline_report.json
2025-07-31 22:50:42 - pipeline.core.pipeline_state - INFO - Pipeline completed in 38591.2 seconds
2025-07-31 22:50:42 - pipeline.core.visual_cue_pipeline - INFO - Pipeline completed successfully in 1.0s
2025-07-31 22:50:42 - pipeline.adapters.clipaway_adapter - INFO - CLIPAway models cleaned up
2025-07-31 22:50:42 - pipeline.core.visual_cue_pipeline - INFO - Pipeline resources cleaned up
2025-08-02 10:39:44 - pipeline - INFO - Logging configured - Level: INFO, File: /home/jackyjin/cityscapesScripts/pipeline/tests/test.log, Console: True
2025-08-02 10:39:44 - pipeline - INFO - Pipeline CLI started with config: pipeline/config/test_config.yaml
2025-08-02 10:39:44 - pipeline.core.pipeline_config - INFO - Output directories created at: /home/jackyjin/cityscapesScripts/pipeline/tests/test_output
2025-08-02 10:39:44 - pipeline.core.pipeline_state - INFO - Pipeline state restored from /home/jackyjin/cityscapesScripts/pipeline/tests/test_state.json
2025-08-02 10:39:44 - pipeline.core.pipeline_state - INFO - Restored state for 2 items across 7 phases
2025-08-02 10:39:44 - pipeline.core.pipeline_state - INFO - Pipeline state manager initialized (run_id: 20250731_120731)
2025-08-02 10:39:44 - pipeline.core.visual_cue_pipeline - INFO - VisualCuePipeline initialized
2025-08-02 10:39:44 - pipeline.core.pipeline_config - INFO - Configuration validation passed
2025-08-02 10:39:44 - pipeline.core.pipeline_dataset - INFO - Dataset directory structure validated at: /home/jackyjin/cityscapesScripts
2025-08-02 10:39:44 - __main__ - ERROR - Pipeline execution failed: can only join an iterable
Traceback (most recent call last):
  File "/home/jackyjin/cityscapesScripts/pipeline/run_pipeline.py", line 278, in run_pipeline_async
    print_pipeline_info(config)
  File "/home/jackyjin/cityscapesScripts/pipeline/run_pipeline.py", line 232, in print_pipeline_info
    print(f"Target features: {', '.join(config.features.target_features)}")
TypeError: can only join an iterable
2025-08-02 10:41:00 - pipeline - INFO - Logging configured - Level: INFO, File: /home/jackyjin/cityscapesScripts/pipeline/tests/test.log, Console: True
2025-08-02 10:41:00 - pipeline - INFO - Pipeline CLI started with config: pipeline/config/test_config.yaml
2025-08-02 10:41:00 - pipeline.core.pipeline_config - INFO - Output directories created at: /home/jackyjin/cityscapesScripts/pipeline/tests/test_output
2025-08-02 10:41:00 - pipeline.core.pipeline_state - INFO - Pipeline state restored from /home/jackyjin/cityscapesScripts/pipeline/tests/test_state.json
2025-08-02 10:41:00 - pipeline.core.pipeline_state - INFO - Restored state for 2 items across 7 phases
2025-08-02 10:41:00 - pipeline.core.pipeline_state - INFO - Pipeline state manager initialized (run_id: 20250731_120731)
2025-08-02 10:41:00 - pipeline.core.visual_cue_pipeline - INFO - VisualCuePipeline initialized
2025-08-02 10:41:00 - pipeline.core.pipeline_config - INFO - Configuration validation passed
2025-08-02 10:41:00 - pipeline.core.pipeline_dataset - INFO - Dataset directory structure validated at: /home/jackyjin/cityscapesScripts
2025-08-02 10:41:00 - pipeline.core.visual_cue_pipeline - INFO - Starting visual cue evaluation pipeline - Resume: False
2025-08-02 10:41:00 - pipeline.core.visual_cue_pipeline - ERROR - Pipeline execution failed: Feature validation failed: No valid labels found for features: None
2025-08-02 10:41:00 - pipeline.core.visual_cue_pipeline - INFO - Pipeline resources cleaned up
2025-08-02 10:41:00 - __main__ - ERROR - Pipeline execution failed: Feature validation failed: No valid labels found for features: None
Traceback (most recent call last):
  File "/home/jackyjin/cityscapesScripts/pipeline/adapters/mask_generator.py", line 62, in _validate_features
    raise ValueError(f"No valid labels found for features: {self.target_features}")
ValueError: No valid labels found for features: None

During handling of the above exception, another exception occurred:

Traceback (most recent call last):
  File "/home/jackyjin/cityscapesScripts/pipeline/run_pipeline.py", line 285, in run_pipeline_async
    results = await pipeline.run_pipeline(resume=args.resume)
  File "/home/jackyjin/cityscapesScripts/pipeline/core/visual_cue_pipeline.py", line 124, in run_pipeline
    self._initialize_components()
  File "/home/jackyjin/cityscapesScripts/pipeline/core/visual_cue_pipeline.py", line 76, in _initialize_components
    self.mask_generator = MaskGeneratorAdapter(
  File "/home/jackyjin/cityscapesScripts/pipeline/adapters/mask_generator.py", line 52, in __init__
    self._validate_features()
  File "/home/jackyjin/cityscapesScripts/pipeline/adapters/mask_generator.py", line 67, in _validate_features
    raise ValueError(f"Feature validation failed: {e}")
ValueError: Feature validation failed: No valid labels found for features: None
2025-08-02 18:43:40 - pipeline - INFO - Logging configured - Level: INFO, File: /home/jackyjin/cityscapesScripts/pipeline/tests/test.log, Console: True
2025-08-02 18:43:40 - pipeline - INFO - Pipeline CLI started with config: pipeline/config/test_config.yaml
2025-08-02 18:43:40 - pipeline.core.pipeline_config - INFO - Output directories created at: /home/jackyjin/cityscapesScripts/pipeline/tests/test_output
2025-08-02 18:43:40 - pipeline.core.pipeline_state - INFO - Pipeline state restored from /home/jackyjin/cityscapesScripts/pipeline/tests/test_state.json
2025-08-02 18:43:40 - pipeline.core.pipeline_state - INFO - Restored state for 2 items across 7 phases
2025-08-02 18:43:40 - pipeline.core.pipeline_state - INFO - Pipeline state manager initialized (run_id: 20250731_120731)
2025-08-02 18:43:40 - pipeline.core.visual_cue_pipeline - INFO - VisualCuePipeline initialized
2025-08-02 18:43:40 - pipeline.core.pipeline_config - INFO - Configuration validation passed
2025-08-02 18:43:40 - pipeline.core.pipeline_dataset - INFO - Dataset directory structure validated at: /home/jackyjin/cityscapesScripts
2025-08-02 18:43:40 - pipeline.core.visual_cue_pipeline - INFO - Starting visual cue evaluation pipeline - Resume: False
2025-08-02 18:43:40 - pipeline.core.visual_cue_pipeline - ERROR - Pipeline execution failed: Feature validation failed: No valid labels found for features: None
2025-08-02 18:43:40 - pipeline.core.visual_cue_pipeline - INFO - Pipeline resources cleaned up
2025-08-02 18:43:40 - __main__ - ERROR - Pipeline execution failed: Feature validation failed: No valid labels found for features: None
Traceback (most recent call last):
  File "/home/jackyjin/cityscapesScripts/pipeline/adapters/mask_generator.py", line 62, in _validate_features
    raise ValueError(f"No valid labels found for features: {self.target_features}")
ValueError: No valid labels found for features: None

During handling of the above exception, another exception occurred:

Traceback (most recent call last):
  File "/home/jackyjin/cityscapesScripts/pipeline/run_pipeline.py", line 285, in run_pipeline_async
    results = await pipeline.run_pipeline(resume=args.resume)
  File "/home/jackyjin/cityscapesScripts/pipeline/core/visual_cue_pipeline.py", line 124, in run_pipeline
    self._initialize_components()
  File "/home/jackyjin/cityscapesScripts/pipeline/core/visual_cue_pipeline.py", line 76, in _initialize_components
    self.mask_generator = MaskGeneratorAdapter(
  File "/home/jackyjin/cityscapesScripts/pipeline/adapters/mask_generator.py", line 52, in __init__
    self._validate_features()
  File "/home/jackyjin/cityscapesScripts/pipeline/adapters/mask_generator.py", line 67, in _validate_features
    raise ValueError(f"Feature validation failed: {e}")
ValueError: Feature validation failed: No valid labels found for features: None
2025-08-02 18:45:10 - pipeline - INFO - Logging configured - Level: INFO, File: /home/jackyjin/cityscapesScripts/pipeline/tests/test.log, Console: True
2025-08-02 18:45:10 - pipeline - INFO - Pipeline CLI started with config: pipeline/config/test_config.yaml
2025-08-02 18:45:10 - pipeline.core.pipeline_config - INFO - Output directories created at: /home/jackyjin/cityscapesScripts/pipeline/tests/test_output
2025-08-02 18:45:10 - pipeline.core.pipeline_state - INFO - Pipeline state restored from /home/jackyjin/cityscapesScripts/pipeline/tests/test_state.json
2025-08-02 18:45:10 - pipeline.core.pipeline_state - INFO - Restored state for 2 items across 7 phases
2025-08-02 18:45:10 - pipeline.core.pipeline_state - INFO - Pipeline state manager initialized (run_id: 20250731_120731)
2025-08-02 18:45:10 - pipeline.core.visual_cue_pipeline - INFO - VisualCuePipeline initialized
2025-08-02 18:45:10 - pipeline.core.pipeline_config - INFO - Configuration validation passed
2025-08-02 18:45:10 - pipeline.core.pipeline_dataset - INFO - Dataset directory structure validated at: /home/jackyjin/cityscapesScripts
2025-08-02 18:45:10 - pipeline.core.visual_cue_pipeline - INFO - Starting visual cue evaluation pipeline - Resume: False
2025-08-02 18:45:10 - pipeline.core.visual_cue_pipeline - INFO - Pipeline resources cleaned up
2025-08-02 18:45:50 - pipeline - INFO - Logging configured - Level: INFO, File: /home/jackyjin/cityscapesScripts/pipeline/tests/test.log, Console: True
2025-08-02 18:45:50 - pipeline - INFO - Pipeline CLI started with config: pipeline/config/test_config.yaml
2025-08-02 18:45:50 - pipeline.core.pipeline_config - INFO - Output directories created at: /home/jackyjin/cityscapesScripts/pipeline/tests/test_output
2025-08-02 18:45:50 - pipeline.core.pipeline_state - INFO - Pipeline state restored from /home/jackyjin/cityscapesScripts/pipeline/tests/test_state.json
2025-08-02 18:45:50 - pipeline.core.pipeline_state - INFO - Restored state for 2 items across 7 phases
2025-08-02 18:45:50 - pipeline.core.pipeline_state - INFO - Pipeline state manager initialized (run_id: 20250731_120731)
2025-08-02 18:45:50 - pipeline.core.visual_cue_pipeline - INFO - VisualCuePipeline initialized
2025-08-02 18:46:08 - pipeline - INFO - Logging configured - Level: INFO, File: /home/jackyjin/cityscapesScripts/pipeline/tests/test.log, Console: True
2025-08-02 18:46:08 - pipeline - INFO - Pipeline CLI started with config: pipeline/config/test_config.yaml
2025-08-02 18:46:08 - pipeline.core.pipeline_config - INFO - Output directories created at: /home/jackyjin/cityscapesScripts/pipeline/tests/test_output
2025-08-02 18:46:08 - pipeline.core.pipeline_state - INFO - Pipeline state restored from /home/jackyjin/cityscapesScripts/pipeline/tests/test_state.json
2025-08-02 18:46:08 - pipeline.core.pipeline_state - INFO - Restored state for 2 items across 7 phases
2025-08-02 18:46:08 - pipeline.core.pipeline_state - INFO - Pipeline state manager initialized (run_id: 20250731_120731)
2025-08-02 18:46:08 - pipeline.core.visual_cue_pipeline - INFO - VisualCuePipeline initialized
2025-08-02 18:46:08 - pipeline.core.pipeline_config - INFO - Configuration validation passed
2025-08-02 18:46:08 - pipeline.core.pipeline_dataset - INFO - Dataset directory structure validated at: /home/jackyjin/cityscapesScripts
2025-08-02 18:46:08 - pipeline.core.visual_cue_pipeline - INFO - Starting visual cue evaluation pipeline - Resume: False
2025-08-02 18:46:08 - pipeline.adapters.mask_generator - INFO - Validated 2 labels for requested features
2025-08-02 18:46:08 - pipeline.adapters.mask_generator - INFO - MaskGeneratorAdapter initialized for features: ['human']
2025-08-02 18:46:08 - pipeline.adapters.image_processor - INFO - ImageProcessorAdapter initialized - Target size: 128x128
2025-08-02 18:46:08 - pipeline.core.visual_cue_pipeline - ERROR - Pipeline execution failed: CLIPAway dependencies not available
2025-08-02 18:46:08 - pipeline.core.visual_cue_pipeline - INFO - Pipeline resources cleaned up
2025-08-02 18:46:08 - __main__ - ERROR - Pipeline execution failed: CLIPAway dependencies not available
Traceback (most recent call last):
  File "/home/jackyjin/cityscapesScripts/pipeline/run_pipeline.py", line 285, in run_pipeline_async
    results = await pipeline.run_pipeline(resume=args.resume)
  File "/home/jackyjin/cityscapesScripts/pipeline/core/visual_cue_pipeline.py", line 124, in run_pipeline
    self._initialize_components()
  File "/home/jackyjin/cityscapesScripts/pipeline/core/visual_cue_pipeline.py", line 90, in _initialize_components
    self.clipaway_adapter = CLIPAwayAdapter(
  File "/home/jackyjin/cityscapesScripts/pipeline/adapters/clipaway_adapter.py", line 64, in __init__
    raise RuntimeError("CLIPAway dependencies not available")
RuntimeError: CLIPAway dependencies not available
2025-08-02 18:47:27 - pipeline - INFO - Logging configured - Level: INFO, File: /home/jackyjin/cityscapesScripts/pipeline/tests/test.log, Console: True
2025-08-02 18:47:27 - pipeline - INFO - Pipeline CLI started with config: pipeline/config/test_config.yaml
2025-08-02 18:47:27 - pipeline.core.pipeline_config - INFO - Output directories created at: /home/jackyjin/cityscapesScripts/pipeline/tests/test_output
2025-08-02 18:47:27 - pipeline.core.pipeline_state - INFO - Pipeline state restored from /home/jackyjin/cityscapesScripts/pipeline/tests/test_state.json
2025-08-02 18:47:27 - pipeline.core.pipeline_state - INFO - Restored state for 2 items across 7 phases
2025-08-02 18:47:27 - pipeline.core.pipeline_state - INFO - Pipeline state manager initialized (run_id: 20250731_120731)
2025-08-02 18:47:27 - pipeline.core.visual_cue_pipeline - INFO - VisualCuePipeline initialized
2025-08-02 18:47:27 - pipeline.core.pipeline_config - INFO - Configuration validation passed
2025-08-02 18:47:27 - pipeline.core.pipeline_dataset - INFO - Dataset directory structure validated at: /home/jackyjin/cityscapesScripts
2025-08-02 18:47:27 - pipeline.core.visual_cue_pipeline - INFO - Starting visual cue evaluation pipeline - Resume: False
2025-08-02 18:47:27 - pipeline.adapters.mask_generator - INFO - Validated 2 labels for requested features
2025-08-02 18:47:27 - pipeline.adapters.mask_generator - INFO - MaskGeneratorAdapter initialized for features: ['human']
2025-08-02 18:47:27 - pipeline.adapters.image_processor - INFO - ImageProcessorAdapter initialized - Target size: 128x128
2025-08-02 18:47:27 - pipeline.core.visual_cue_pipeline - ERROR - Pipeline execution failed: CLIPAway dependencies not available
2025-08-02 18:47:27 - pipeline.core.visual_cue_pipeline - INFO - Pipeline resources cleaned up
2025-08-02 18:47:27 - __main__ - ERROR - Pipeline execution failed: CLIPAway dependencies not available
Traceback (most recent call last):
  File "/home/jackyjin/cityscapesScripts/pipeline/run_pipeline.py", line 285, in run_pipeline_async
    results = await pipeline.run_pipeline(resume=args.resume)
  File "/home/jackyjin/cityscapesScripts/pipeline/core/visual_cue_pipeline.py", line 124, in run_pipeline
    self._initialize_components()
  File "/home/jackyjin/cityscapesScripts/pipeline/core/visual_cue_pipeline.py", line 90, in _initialize_components
    self.clipaway_adapter = CLIPAwayAdapter(
  File "/home/jackyjin/cityscapesScripts/pipeline/adapters/clipaway_adapter.py", line 64, in __init__
    raise RuntimeError("CLIPAway dependencies not available")
RuntimeError: CLIPAway dependencies not available
2025-08-02 19:02:21 - pipeline - INFO - Logging configured - Level: INFO, File: /home/jackyjin/cityscapesScripts/pipeline/tests/test.log, Console: True
2025-08-02 19:02:21 - pipeline - INFO - Pipeline CLI started with config: pipeline/config/test_config.yaml
2025-08-02 19:02:21 - pipeline.core.pipeline_config - INFO - Output directories created at: /home/jackyjin/cityscapesScripts/pipeline/tests/test_output
2025-08-02 19:02:21 - pipeline.core.pipeline_state - INFO - Pipeline state restored from /home/jackyjin/cityscapesScripts/pipeline/tests/test_state.json
2025-08-02 19:02:21 - pipeline.core.pipeline_state - INFO - Restored state for 2 items across 7 phases
2025-08-02 19:02:21 - pipeline.core.pipeline_state - INFO - Pipeline state manager initialized (run_id: 20250731_120731)
2025-08-02 19:02:21 - pipeline.core.visual_cue_pipeline - INFO - VisualCuePipeline initialized
2025-08-02 19:02:21 - pipeline.core.pipeline_config - INFO - Configuration validation passed
2025-08-02 19:02:21 - pipeline.core.pipeline_dataset - INFO - Dataset directory structure validated at: /home/jackyjin/cityscapesScripts
2025-08-02 19:02:21 - pipeline.core.visual_cue_pipeline - INFO - Starting visual cue evaluation pipeline - Resume: False
2025-08-02 19:02:21 - pipeline.adapters.mask_generator - INFO - Validated 2 labels for requested features
2025-08-02 19:02:21 - pipeline.adapters.mask_generator - INFO - MaskGeneratorAdapter initialized for features: ['human']
2025-08-02 19:02:21 - pipeline.adapters.image_processor - INFO - ImageProcessorAdapter initialized - Target size: 128x128
2025-08-02 19:02:21 - pipeline.core.visual_cue_pipeline - ERROR - Pipeline execution failed: CLIPAway dependencies not available
2025-08-02 19:02:21 - pipeline.core.visual_cue_pipeline - INFO - Pipeline resources cleaned up
2025-08-02 19:02:21 - __main__ - ERROR - Pipeline execution failed: CLIPAway dependencies not available
Traceback (most recent call last):
  File "/home/jackyjin/cityscapesScripts/pipeline/run_pipeline.py", line 285, in run_pipeline_async
    results = await pipeline.run_pipeline(resume=args.resume)
  File "/home/jackyjin/cityscapesScripts/pipeline/core/visual_cue_pipeline.py", line 125, in run_pipeline
    self._initialize_components()
  File "/home/jackyjin/cityscapesScripts/pipeline/core/visual_cue_pipeline.py", line 90, in _initialize_components
    self.clipaway_adapter = CLIPAwayAdapter(
  File "/home/jackyjin/cityscapesScripts/pipeline/adapters/clipaway_adapter.py", line 64, in __init__
    raise RuntimeError("CLIPAway dependencies not available")
RuntimeError: CLIPAway dependencies not available
2025-08-02 19:04:25 - pipeline - INFO - Logging configured - Level: INFO, File: /home/jackyjin/cityscapesScripts/pipeline/tests/test.log, Console: True
2025-08-02 19:04:25 - pipeline - INFO - Pipeline CLI started with config: pipeline/config/test_config.yaml
2025-08-02 19:04:25 - pipeline.core.pipeline_config - INFO - Output directories created at: /home/jackyjin/cityscapesScripts/pipeline/tests/test_output
2025-08-02 19:04:25 - pipeline.core.pipeline_state - INFO - Pipeline state restored from /home/jackyjin/cityscapesScripts/pipeline/tests/test_state.json
2025-08-02 19:04:25 - pipeline.core.pipeline_state - INFO - Restored state for 2 items across 7 phases
2025-08-02 19:04:25 - pipeline.core.pipeline_state - INFO - Pipeline state manager initialized (run_id: 20250731_120731)
2025-08-02 19:04:25 - pipeline.core.visual_cue_pipeline - INFO - VisualCuePipeline initialized
2025-08-02 19:04:25 - pipeline.core.pipeline_config - INFO - Configuration validation passed
2025-08-02 19:04:25 - pipeline.core.pipeline_dataset - INFO - Dataset directory structure validated at: /home/jackyjin/cityscapesScripts
2025-08-02 19:04:25 - pipeline.core.visual_cue_pipeline - INFO - Starting visual cue evaluation pipeline - Resume: False
2025-08-02 19:04:25 - pipeline.adapters.mask_generator - INFO - Validated 2 labels for requested features
2025-08-02 19:04:25 - pipeline.adapters.mask_generator - INFO - MaskGeneratorAdapter initialized for features: ['human']
2025-08-02 19:04:25 - pipeline.adapters.image_processor - INFO - ImageProcessorAdapter initialized - Target size: 128x128
2025-08-02 19:04:25 - pipeline.core.visual_cue_pipeline - ERROR - Pipeline execution failed: CLIPAway dependencies not available
2025-08-02 19:04:25 - pipeline.core.visual_cue_pipeline - INFO - Pipeline resources cleaned up
2025-08-02 19:04:25 - __main__ - ERROR - Pipeline execution failed: CLIPAway dependencies not available
Traceback (most recent call last):
  File "/home/jackyjin/cityscapesScripts/pipeline/run_pipeline.py", line 285, in run_pipeline_async
    results = await pipeline.run_pipeline(resume=args.resume)
  File "/home/jackyjin/cityscapesScripts/pipeline/core/visual_cue_pipeline.py", line 125, in run_pipeline
    self._initialize_components()
  File "/home/jackyjin/cityscapesScripts/pipeline/core/visual_cue_pipeline.py", line 90, in _initialize_components
    self.clipaway_adapter = CLIPAwayAdapter(
  File "/home/jackyjin/cityscapesScripts/pipeline/adapters/clipaway_adapter.py", line 64, in __init__
    raise RuntimeError("CLIPAway dependencies not available")
RuntimeError: CLIPAway dependencies not available
2025-08-12 18:42:55 - pipeline - INFO - Logging configured - Level: INFO, File: /home/jackyjin/cityscapesScripts/pipeline/tests/test.log, Console: True
2025-08-12 18:42:55 - pipeline - INFO - Pipeline CLI started with config: pipeline/config/test_config.yaml
2025-08-12 18:42:55 - core.pipeline_config - INFO - Output directories created at: /home/jackyjin/cityscapesScripts/pipeline/tests/test_output
2025-08-12 18:42:55 - core.pipeline_state - INFO - Pipeline state restored from /home/jackyjin/cityscapesScripts/pipeline/tests/test_state.json
2025-08-12 18:42:55 - core.pipeline_state - INFO - Restored state for 2 items across 7 phases
2025-08-12 18:42:55 - core.pipeline_state - INFO - Pipeline state manager initialized (run_id: 20250731_120731)
2025-08-12 18:42:55 - core.visual_cue_pipeline - INFO - VisualCuePipeline initialized
2025-08-12 18:42:55 - core.pipeline_config - INFO - Configuration validation passed
2025-08-12 18:42:55 - core.pipeline_dataset - INFO - Dataset directory structure validated at: /home/jackyjin/cityscapesScripts
2025-08-12 18:42:55 - core.visual_cue_pipeline - INFO - Starting visual cue evaluation pipeline - Resume: False
2025-08-12 18:42:55 - adapters.mask_generator - INFO - Validated 2 labels for requested features
2025-08-12 18:42:55 - adapters.mask_generator - INFO - MaskGeneratorAdapter initialized for features: ['human']
2025-08-12 18:42:55 - adapters.image_processor - INFO - ImageProcessorAdapter initialized - Target size: 128x128
2025-08-12 18:42:55 - core.visual_cue_pipeline - ERROR - Pipeline execution failed: unsupported operand type(s) for /: 'str' and 'str'
2025-08-12 18:42:55 - core.visual_cue_pipeline - INFO - Pipeline resources cleaned up
2025-08-12 18:42:55 - __main__ - ERROR - Pipeline execution failed: unsupported operand type(s) for /: 'str' and 'str'
Traceback (most recent call last):
  File "/home/jackyjin/cityscapesScripts/pipeline/run_pipeline.py", line 288, in run_pipeline_async
    results = await pipeline.run_pipeline(resume=args.resume)
  File "/home/jackyjin/cityscapesScripts/pipeline/core/visual_cue_pipeline.py", line 125, in run_pipeline
    self._initialize_components()
  File "/home/jackyjin/cityscapesScripts/pipeline/core/visual_cue_pipeline.py", line 90, in _initialize_components
    self.clipaway_adapter = CLIPAwayAdapter(
  File "/home/jackyjin/cityscapesScripts/pipeline/adapters/clipaway_adapter.py", line 88, in __init__
    self._validate_clipaway_setup()
  File "/home/jackyjin/cityscapesScripts/pipeline/adapters/clipaway_adapter.py", line 95, in _validate_clipaway_setup
    self.clipaway_root / "ckpts" / "AlphaCLIP" / "clip_l14_grit+mim_fultune_6xe.pth",
TypeError: unsupported operand type(s) for /: 'str' and 'str'
2025-08-12 18:44:32 - pipeline - INFO - Logging configured - Level: INFO, File: /home/jackyjin/cityscapesScripts/pipeline/tests/test.log, Console: True
2025-08-12 18:44:32 - pipeline - INFO - Pipeline CLI started with config: pipeline/config/test_config.yaml
2025-08-12 18:44:32 - core.pipeline_config - INFO - Output directories created at: /home/jackyjin/cityscapesScripts/pipeline/tests/test_output
2025-08-12 18:44:32 - core.pipeline_state - INFO - Pipeline state restored from /home/jackyjin/cityscapesScripts/pipeline/tests/test_state.json
2025-08-12 18:44:32 - core.pipeline_state - INFO - Restored state for 2 items across 7 phases
2025-08-12 18:44:32 - core.pipeline_state - INFO - Pipeline state manager initialized (run_id: 20250731_120731)
2025-08-12 18:44:32 - core.visual_cue_pipeline - INFO - VisualCuePipeline initialized
2025-08-12 18:44:32 - core.pipeline_config - INFO - Configuration validation passed
2025-08-12 18:44:32 - core.pipeline_dataset - INFO - Dataset directory structure validated at: /home/jackyjin/cityscapesScripts
2025-08-12 18:44:32 - core.visual_cue_pipeline - INFO - Starting visual cue evaluation pipeline - Resume: False
2025-08-12 18:44:32 - adapters.mask_generator - INFO - Validated 2 labels for requested features
2025-08-12 18:44:32 - adapters.mask_generator - INFO - MaskGeneratorAdapter initialized for features: ['human']
2025-08-12 18:44:32 - adapters.image_processor - INFO - ImageProcessorAdapter initialized - Target size: 128x128
2025-08-12 18:44:32 - core.visual_cue_pipeline - ERROR - Pipeline execution failed: unsupported operand type(s) for /: 'str' and 'str'
2025-08-12 18:44:32 - core.visual_cue_pipeline - INFO - Pipeline resources cleaned up
2025-08-12 18:44:32 - __main__ - ERROR - Pipeline execution failed: unsupported operand type(s) for /: 'str' and 'str'
Traceback (most recent call last):
  File "/home/jackyjin/cityscapesScripts/pipeline/run_pipeline.py", line 288, in run_pipeline_async
    results = await pipeline.run_pipeline(resume=args.resume)
  File "/home/jackyjin/cityscapesScripts/pipeline/core/visual_cue_pipeline.py", line 125, in run_pipeline
    self._initialize_components()
  File "/home/jackyjin/cityscapesScripts/pipeline/core/visual_cue_pipeline.py", line 90, in _initialize_components
    self.clipaway_adapter = CLIPAwayAdapter(
  File "/home/jackyjin/cityscapesScripts/pipeline/adapters/clipaway_adapter.py", line 88, in __init__
    self._validate_clipaway_setup()
  File "/home/jackyjin/cityscapesScripts/pipeline/adapters/clipaway_adapter.py", line 95, in _validate_clipaway_setup
    self.clipaway_root / "ckpts" / "AlphaCLIP" / "clip_l14_grit+mim_fultune_6xe.pth",
TypeError: unsupported operand type(s) for /: 'str' and 'str'
2025-08-12 18:48:00 - pipeline - INFO - Logging configured - Level: INFO, File: /home/jackyjin/cityscapesScripts/pipeline/tests/test.log, Console: True
2025-08-12 18:48:00 - pipeline - INFO - Pipeline CLI started with config: pipeline/config/test_config.yaml
2025-08-12 18:48:00 - core.pipeline_config - INFO - Output directories created at: /home/jackyjin/cityscapesScripts/pipeline/tests/test_output
2025-08-12 18:48:00 - core.pipeline_state - INFO - Pipeline state restored from /home/jackyjin/cityscapesScripts/pipeline/tests/test_state.json
2025-08-12 18:48:00 - core.pipeline_state - INFO - Restored state for 2 items across 7 phases
2025-08-12 18:48:00 - core.pipeline_state - INFO - Pipeline state manager initialized (run_id: 20250731_120731)
2025-08-12 18:48:00 - core.visual_cue_pipeline - INFO - VisualCuePipeline initialized
2025-08-12 18:48:00 - core.pipeline_config - INFO - Configuration validation passed
2025-08-12 18:48:00 - core.pipeline_dataset - INFO - Dataset directory structure validated at: /home/jackyjin/cityscapesScripts
2025-08-12 18:48:00 - core.visual_cue_pipeline - INFO - Starting visual cue evaluation pipeline - Resume: False
2025-08-12 18:48:00 - adapters.mask_generator - INFO - Validated 2 labels for requested features
2025-08-12 18:48:00 - adapters.mask_generator - INFO - MaskGeneratorAdapter initialized for features: ['human']
2025-08-12 18:48:00 - adapters.image_processor - INFO - ImageProcessorAdapter initialized - Target size: 128x128
2025-08-12 18:48:00 - adapters.clipaway_adapter - INFO - CLIPAwayAdapter initialized - Device: cpu
2025-08-12 18:48:00 - adapters.evaluator_adapter - INFO - Using mock geolocation API
2025-08-12 18:48:00 - adapters.evaluator_adapter - INFO - EvaluatorAdapter initialized
2025-08-12 18:48:00 - core.visual_cue_pipeline - INFO - Pipeline components initialized
2025-08-12 18:48:00 - core.pipeline_config - INFO - Output directories created at: /home/jackyjin/cityscapesScripts/pipeline/tests/test_output
2025-08-12 18:48:00 - core.visual_cue_pipeline - INFO - Dataset discovery already completed - skipping
2025-08-12 18:48:00 - core.visual_cue_pipeline - INFO - Image selection already completed - loading cached selection
2025-08-12 18:48:00 - core.visual_cue_pipeline - INFO - Mask generation already completed - skipping
2025-08-12 18:48:00 - core.visual_cue_pipeline - INFO - Image processing already completed - skipping
2025-08-12 18:48:00 - core.visual_cue_pipeline - INFO - CLIPAway processing already completed - skipping
2025-08-12 18:48:00 - core.visual_cue_pipeline - INFO - Evaluation already completed - skipping
2025-08-12 18:48:00 - core.visual_cue_pipeline - INFO - Report generation already completed - skipping
2025-08-12 18:48:00 - core.pipeline_state - INFO - Pipeline completed in 1060829.2 seconds
2025-08-12 18:48:00 - core.visual_cue_pipeline - INFO - Pipeline completed successfully in 0.0s
2025-08-12 18:48:00 - adapters.clipaway_adapter - INFO - CLIPAway models cleaned up
2025-08-12 18:48:00 - core.visual_cue_pipeline - INFO - Pipeline resources cleaned up
